// Jest Snapshot v1, https://goo.gl/fbAQLP

exports[`should render without throwing an error 1`] = `
<div
  aria-checked="false"
  class="sc-bdVaJa fVCJpx"
  role="radio"
  tabindex="0"
>
  <div
    class="sc-bwzfXH euzcvb"
    color="red"
  />
  <div
    class="sc-htpNat hSkRsC"
  >
    Test
  </div>
</div>
`;
